Hello, World!

This greeting is in English.

Have a great day!

